
===========================================================================
 report_power
============================================================================
======================= max_ss_100C_1v60 Corner ===================================

Group                    Internal    Switching      Leakage        Total
                            Power        Power        Power        Power (Watts)
------------------------------------------------------------------------
Sequential           1.371707e-04 7.195220e-08 2.029877e-06 1.392726e-04  37.6%
Combinational        1.269935e-05 1.935911e-05 4.507929e-06 3.656639e-05   9.9%
Clock                7.507140e-05 1.187626e-04 2.995393e-07 1.941335e-04  52.5%
Macro                0.000000e+00 0.000000e+00 0.000000e+00 0.000000e+00   0.0%
Pad                  0.000000e+00 0.000000e+00 0.000000e+00 0.000000e+00   0.0%
------------------------------------------------------------------------
Total                2.249409e-04 1.381936e-04 6.837336e-06 3.699718e-04 100.0%
                            60.8%        37.4%         1.8%

