Clock: clk
Sources: wb_clk_i 
Generated: no
Virtual: yes
Propagated: no
Period: 25.000000

===========================================================================
report_clock_properties
============================================================================
Clock                   Period          Waveform
----------------------------------------------------
clk                  25.000000    0.000000 12.500000

===========================================================================
report_clock_latency
============================================================================
Clock clk
rise -> rise
    min     max
4.650000 5.570000 source latency
5.408015         network latency _734_/CLK
        6.372668 network latency _796_/CLK
---------------
10.058015 11.942669 latency
        1.884653 skew

fall -> fall
    min     max
4.650000 5.570000 source latency
5.510888         network latency _734_/CLK
        6.467120 network latency _796_/CLK
---------------
10.160888 12.037120 latency
        1.876233 skew



===========================================================================
report_clock_min_period
============================================================================
clk period_min = 2.20 fmax = 454.04
