
===========================================================================
 report_power
============================================================================
======================= max_ff_n40C_1v95 Corner ===================================

Group                    Internal    Switching      Leakage        Total
                            Power        Power        Power        Power (Watts)
------------------------------------------------------------------------
Sequential           2.094472e-04 1.106309e-07 1.857103e-09 2.095597e-04  38.6%
Combinational        2.019088e-05 3.192445e-05 1.184337e-08 5.212717e-05   9.6%
Clock                1.061128e-04 1.754472e-04 5.633050e-08 2.816163e-04  51.8%
Macro                0.000000e+00 0.000000e+00 0.000000e+00 0.000000e+00   0.0%
Pad                  0.000000e+00 0.000000e+00 0.000000e+00 0.000000e+00   0.0%
------------------------------------------------------------------------
Total                3.357502e-04 2.074822e-04 7.003084e-08 5.433024e-04 100.0%
                            61.8%        38.2%         0.0%

