
===========================================================================
 report_power
============================================================================
======================= nom_tt_025C_1v80 Corner ===================================

Group                    Internal    Switching      Leakage        Total
                            Power        Power        Power        Power (Watts)
------------------------------------------------------------------------
Sequential           1.796157e-04 9.170842e-08 1.538821e-09 1.797090e-04  39.2%
Combinational        1.616645e-05 2.614631e-05 3.821076e-09 4.231658e-05   9.2%
Clock                9.257164e-05 1.436487e-04 4.746790e-08 2.362678e-04  51.6%
Macro                0.000000e+00 0.000000e+00 0.000000e+00 0.000000e+00   0.0%
Pad                  0.000000e+00 0.000000e+00 0.000000e+00 0.000000e+00   0.0%
------------------------------------------------------------------------
Total                2.883535e-04 1.698867e-04 5.282803e-08 4.582930e-04 100.0%
                            62.9%        37.1%         0.0%

