Clock: clk
Sources: wb_clk_i 
Generated: no
Virtual: yes
Propagated: no
Period: 25.000000

===========================================================================
report_clock_properties
============================================================================
Clock                   Period          Waveform
----------------------------------------------------
clk                  25.000000    0.000000 12.500000

===========================================================================
report_clock_latency
============================================================================
Clock clk
rise -> rise
    min     max
4.650000 5.570000 source latency
5.912880         network latency mprj/_724_/CLK
        6.881588 network latency mprj/_741_/CLK
---------------
10.562881 12.451589 latency
        1.888708 skew

fall -> fall
    min     max
4.650000 5.570000 source latency
5.958178         network latency mprj/_734_/CLK
        6.916970 network latency mprj/_741_/CLK
---------------
10.608178 12.486970 latency
        1.878792 skew



===========================================================================
report_clock_min_period
============================================================================
clk period_min = 4.34 fmax = 230.43
