
===========================================================================
 report_power
============================================================================
======================= min_ss_100C_1v60 Corner ===================================

Group                    Internal    Switching      Leakage        Total
                            Power        Power        Power        Power (Watts)
------------------------------------------------------------------------
Sequential           1.372406e-04 6.975053e-08 2.029877e-06 1.393402e-04  38.9%
Combinational        1.267694e-05 1.938922e-05 4.507929e-06 3.657409e-05  10.2%
Clock                7.494196e-05 1.074684e-04 2.995393e-07 1.827099e-04  50.9%
Macro                0.000000e+00 0.000000e+00 0.000000e+00 0.000000e+00   0.0%
Pad                  0.000000e+00 0.000000e+00 0.000000e+00 0.000000e+00   0.0%
------------------------------------------------------------------------
Total                2.248590e-04 1.269272e-04 6.837336e-06 3.586235e-04 100.0%
                            62.7%        35.4%         1.9%

