
===========================================================================
 report_power
============================================================================
======================= max_ss_100C_1v60 Corner ===================================

Group                    Internal    Switching      Leakage        Total
                            Power        Power        Power        Power (Watts)
------------------------------------------------------------------------
Sequential           1.371707e-04 7.195220e-08 2.029877e-06 1.392726e-04  37.5%
Combinational        1.268296e-05 2.118626e-05 4.507929e-06 3.837714e-05  10.3%
Clock                7.506501e-05 1.187626e-04 2.995393e-07 1.941271e-04  52.2%
Macro                0.000000e+00 0.000000e+00 0.000000e+00 0.000000e+00   0.0%
Pad                  0.000000e+00 0.000000e+00 0.000000e+00 0.000000e+00   0.0%
------------------------------------------------------------------------
Total                2.249183e-04 1.400207e-04 6.837336e-06 3.717763e-04 100.0%
                            60.5%        37.7%         1.8%

