
===========================================================================
report_checks -unconstrained
===========================================================================
======================= max_ff_n40C_1v95 Corner ===================================

Startpoint: wb_rst_i (input port clocked by clk)
Endpoint: _707_ (recovery check against rising-edge clock clk)
Path Group: asynchronous
Path Type: max

Fanout         Cap        Slew       Delay        Time   Description
---------------------------------------------------------------------------------------------
                                  0.000000    0.000000   clock clk (rise edge)
                                  5.570000    5.570000   clock network delay (propagated)
                                 12.500000   18.070000 v input external delay
     2    0.008422    0.000000    0.000000   18.070000 v wb_rst_i (in)
                                                         wb_rst_i (net)
                      0.000487    0.000243   18.070242 v input1/A (sky130_fd_sc_hd__buf_8)
     9    0.166144    0.069066    0.093570   18.163813 v input1/X (sky130_fd_sc_hd__buf_8)
                                                         net1 (net)
                      0.184403    0.084750   18.248562 v fanout105/A (sky130_fd_sc_hd__clkbuf_4)
    17    0.063634    0.092294    0.212115   18.460676 v fanout105/X (sky130_fd_sc_hd__clkbuf_4)
                                                         net105 (net)
                      0.093124    0.006800   18.467478 v fanout102/A (sky130_fd_sc_hd__buf_4)
    10    0.060480    0.065698    0.153511   18.620989 v fanout102/X (sky130_fd_sc_hd__buf_4)
                                                         net102 (net)
                      0.065804    0.001767   18.622755 v fanout101/A (sky130_fd_sc_hd__buf_6)
    16    0.100078    0.067463    0.133737   18.756493 v fanout101/X (sky130_fd_sc_hd__buf_6)
                                                         net101 (net)
                      0.068081    0.005214   18.761705 v _342_/A (sky130_fd_sc_hd__inv_2)
     1    0.005371    0.030619    0.047512   18.809217 ^ _342_/Y (sky130_fd_sc_hd__inv_2)
                                                         _009_ (net)
                      0.030619    0.000291   18.809509 ^ _707_/SET_B (sky130_fd_sc_hd__dfstp_1)
                                             18.809509   data arrival time

                                 25.000000   25.000000   clock clk (rise edge)
                                  4.650000   29.650000   clock source latency
     2    0.101598    0.610000    0.000000   29.650000 ^ wb_clk_i (in)
                                                         wb_clk_i (net)
                      0.669682    0.029841   29.679840 ^ clkbuf_0_wb_clk_i/A (sky130_fd_sc_hd__clkbuf_16)
     9    0.089526    0.092010    0.180808   29.860647 ^ clkbuf_0_wb_clk_i/X (sky130_fd_sc_hd__clkbuf_16)
                                                         clknet_0_wb_clk_i (net)
                      0.093750    0.009873   29.870522 ^ clkbuf_2_3_0_wb_clk_i/A (sky130_fd_sc_hd__clkbuf_8)
     5    0.048904    0.072937    0.128221   29.998743 ^ clkbuf_2_3_0_wb_clk_i/X (sky130_fd_sc_hd__clkbuf_8)
                                                         clknet_2_3_0_wb_clk_i (net)
                      0.074678    0.008836   30.007578 ^ clkbuf_3_6__f_wb_clk_i/A (sky130_fd_sc_hd__clkbuf_16)
    31    0.109153    0.096470    0.134669   30.142246 ^ clkbuf_3_6__f_wb_clk_i/X (sky130_fd_sc_hd__clkbuf_16)
                                                         clknet_3_6__leaf_wb_clk_i (net)
                      0.105860    0.022851   30.165098 ^ _707_/CLK (sky130_fd_sc_hd__dfstp_1)
                                 -0.250000   29.915096   clock uncertainty
                                  0.000000   29.915096   clock reconvergence pessimism
                                  0.095369   30.010466   library recovery time
                                             30.010466   data required time
---------------------------------------------------------------------------------------------
                                             30.010466   data required time
                                            -18.809509   data arrival time
---------------------------------------------------------------------------------------------
                                             11.200957   slack (MET)


Startpoint: wbs_adr_i[11] (input port clocked by clk)
Endpoint: wbs_dat_o[7] (output port clocked by clk)
Path Group: clk
Path Type: max

Fanout         Cap        Slew       Delay        Time   Description
---------------------------------------------------------------------------------------------
                                  0.000000    0.000000   clock clk (rise edge)
                                  5.570000    5.570000   clock network delay (propagated)
                                  3.890000    9.460000 v input external delay
     2    0.005972    0.920000    0.000000    9.460000 v wbs_adr_i[11] (in)
                                                         wbs_adr_i[11] (net)
                      0.920202    0.000101    9.460101 v hold113/A (sky130_fd_sc_hd__dlygate4sd3_1)
     1    0.004459    0.044308    0.615517   10.075618 v hold113/X (sky130_fd_sc_hd__dlygate4sd3_1)
                                                         net223 (net)
                      0.044308    0.000298   10.075915 v input4/A (sky130_fd_sc_hd__clkbuf_1)
     1    0.002195    0.016443    0.059603   10.135518 v input4/X (sky130_fd_sc_hd__clkbuf_1)
                                                         net4 (net)
                      0.016444    0.000158   10.135676 v hold114/A (sky130_fd_sc_hd__dlygate4sd3_1)
     2    0.004370    0.044088    0.363255   10.498932 v hold114/X (sky130_fd_sc_hd__dlygate4sd3_1)
                                                         net224 (net)
                      0.044088    0.000250   10.499182 v _379_/C (sky130_fd_sc_hd__or4_1)
     1    0.002996    0.053901    0.262421   10.761602 v _379_/X (sky130_fd_sc_hd__or4_1)
                                                         _248_ (net)
                      0.053901    0.000199   10.761802 v hold115/A (sky130_fd_sc_hd__dlygate4sd3_1)
     2    0.007238    0.053349    0.389298   11.151100 v hold115/X (sky130_fd_sc_hd__dlygate4sd3_1)
                                                         net225 (net)
                      0.053349    0.000436   11.151536 v _380_/B (sky130_fd_sc_hd__or2_4)
     7    0.062077    0.082141    0.205414   11.356951 v _380_/X (sky130_fd_sc_hd__or2_4)
                                                         _249_ (net)
                      0.082637    0.004671   11.361621 v hold116/A (sky130_fd_sc_hd__dlygate4sd3_1)
     2    0.014031    0.073721    0.425464   11.787086 v hold116/X (sky130_fd_sc_hd__dlygate4sd3_1)
                                                         net226 (net)
                      0.073799    0.000887   11.787972 v _465_/B (sky130_fd_sc_hd__or3_4)
     9    0.050732    0.094367    0.292848   12.080821 v _465_/X (sky130_fd_sc_hd__or3_4)
                                                         _262_ (net)
                      0.094525    0.003467   12.084288 v _553_/B (sky130_fd_sc_hd__and4b_4)
     5    0.080808    0.091620    0.208605   12.292892 v _553_/X (sky130_fd_sc_hd__and4b_4)
                                                         _321_ (net)
                      0.092964    0.008779   12.301671 v _554_/B (sky130_fd_sc_hd__and2_2)
    11    0.046971    0.090027    0.207656   12.509327 v _554_/X (sky130_fd_sc_hd__and2_2)
                                                         _322_ (net)
                      0.090294    0.003982   12.513309 v _560_/B1 (sky130_fd_sc_hd__a22o_1)
     1    0.007126    0.041974    0.119052   12.632361 v _560_/X (sky130_fd_sc_hd__a22o_1)
                                                         _327_ (net)
                      0.041981    0.000562   12.632923 v _562_/B1 (sky130_fd_sc_hd__a22o_4)
     3    0.092431    0.099472    0.168808   12.801732 v _562_/X (sky130_fd_sc_hd__a22o_4)
                                                         net84 (net)
                      0.112353    0.027332   12.829063 v output84/A (sky130_fd_sc_hd__buf_12)
     1    0.191016    0.079341    0.161007   12.990070 v output84/X (sky130_fd_sc_hd__buf_12)
                                                         wbs_dat_o[7] (net)
                      0.081305    0.009971   13.000041 v wbs_dat_o[7] (out)
                                             13.000041   data arrival time

                                 25.000000   25.000000   clock clk (rise edge)
                                  4.650000   29.650000   clock network delay (propagated)
                                 -0.250000   29.400000   clock uncertainty
                                  0.000000   29.400000   clock reconvergence pessimism
                                 -3.620000   25.779999   output external delay
                                             25.779999   data required time
---------------------------------------------------------------------------------------------
                                             25.779999   data required time
                                            -13.000041   data arrival time
---------------------------------------------------------------------------------------------
                                             12.779958   slack (MET)




===========================================================================
report_checks --slack_max -0.01
============================================================================
======================= max_ff_n40C_1v95 Corner ===================================

No paths found.


===========================================================================
 report_check_types -max_slew -max_cap -max_fanout -violators
============================================================================
======================= max_ff_n40C_1v95 Corner ===================================

max fanout

Pin                                   Limit Fanout  Slack
---------------------------------------------------------
clkbuf_3_7__f_wb_clk_i/X                 16     39    -23 (VIOLATED)
clkbuf_3_0__f_wb_clk_i/X                 16     37    -21 (VIOLATED)
fanout103/X                              16     33    -17 (VIOLATED)
fanout87/X                               16     33    -17 (VIOLATED)
fanout90/X                               16     33    -17 (VIOLATED)
fanout93/X                               16     33    -17 (VIOLATED)
fanout94/X                               16     33    -17 (VIOLATED)
fanout95/X                               16     33    -17 (VIOLATED)
fanout99/X                               16     33    -17 (VIOLATED)
_393_/Y                                  16     31    -15 (VIOLATED)
clkbuf_3_3__f_wb_clk_i/X                 16     31    -15 (VIOLATED)
clkbuf_3_6__f_wb_clk_i/X                 16     31    -15 (VIOLATED)
fanout100/X                              16     31    -15 (VIOLATED)
_574_/X                                  16     29    -13 (VIOLATED)
_382_/X                                  16     27    -11 (VIOLATED)
clkbuf_3_5__f_wb_clk_i/X                 16     27    -11 (VIOLATED)
clkbuf_3_1__f_wb_clk_i/X                 16     25     -9 (VIOLATED)
clkbuf_3_2__f_wb_clk_i/X                 16     25     -9 (VIOLATED)
hold106/X                                16     25     -9 (VIOLATED)
clkbuf_3_4__f_wb_clk_i/X                 16     23     -7 (VIOLATED)
fanout98/X                               16     23     -7 (VIOLATED)
fanout89/X                               16     21     -5 (VIOLATED)
fanout92/X                               16     21     -5 (VIOLATED)
fanout96/X                               16     21     -5 (VIOLATED)
_381_/Y                                  16     17        (VIOLATED)
_383_/Y                                  16     17        (VIOLATED)
_473_/X                                  16     17        (VIOLATED)
fanout105/X                              16     17        (VIOLATED)
fanout88/X                               16     17        (VIOLATED)
fanout91/X                               16     17        (VIOLATED)
hold193/X                                16     17        (VIOLATED)
hold203/X                                16     17        (VIOLATED)



===========================================================================
report_parasitic_annotation -report_unannotated
============================================================================
Found 32 unannotated drivers.
 io_in
 la_data_in
 la_oenb
 wbs_adr_i[16]
 wbs_adr_i[17]
 wbs_adr_i[18]
 wbs_adr_i[19]
 wbs_adr_i[20]
 wbs_adr_i[21]
 wbs_adr_i[22]
 wbs_adr_i[23]
 wbs_adr_i[24]
 wbs_adr_i[25]
 wbs_adr_i[26]
 wbs_adr_i[27]
 wbs_adr_i[28]
 wbs_adr_i[29]
 wbs_adr_i[30]
 wbs_adr_i[31]
 wbs_sel_i[0]
 wbs_sel_i[1]
 wbs_sel_i[2]
 wbs_sel_i[3]
 clkload0/Y
 clkload1/Y
 clkload2/Y
 clkload3/Y
 i2s_example_106/HI
 i2s_example_107/HI
 i2s_example_108/HI
 i2s_example_109/LO
 i2s_example_110/LO
Found 0 partially unannotated drivers.

===========================================================================
max slew violation count 0
max fanout violation count 32
max cap violation count 0
============================================================================

===========================================================================
check_setup -verbose -unconstrained_endpoints -multiple_clock -no_clock -no_input_delay -loops -generated_clocks
===========================================================================
Warning: There are 3 input ports missing set_input_delay.
  io_in
  la_data_in
  la_oenb
Warning: There are 6 unconstrained endpoints.
  io_oeb[0]
  io_oeb[1]
  io_oeb[2]
  io_out[0]
  io_out[1]
  la_data_out
