
===========================================================================
 report_power
============================================================================
======================= max_ff_n40C_1v95 Corner ===================================

Group                    Internal    Switching      Leakage        Total
                            Power        Power        Power        Power (Watts)
------------------------------------------------------------------------
Sequential           2.094472e-04 1.106309e-07 1.857103e-09 2.095597e-04  38.8%
Combinational        1.987901e-05 2.921050e-05 1.184337e-08 4.910135e-05   9.1%
Clock                1.059479e-04 1.754472e-04 5.633050e-08 2.814514e-04  52.1%
Macro                0.000000e+00 0.000000e+00 0.000000e+00 0.000000e+00   0.0%
Pad                  0.000000e+00 0.000000e+00 0.000000e+00 0.000000e+00   0.0%
------------------------------------------------------------------------
Total                3.352732e-04 2.047682e-04 7.003084e-08 5.401115e-04 100.0%
                            62.1%        37.9%         0.0%

