
===========================================================================
report_checks -unconstrained
===========================================================================
======================= nom_ss_100C_1v60 Corner ===================================

Startpoint: wb_rst_i (input port clocked by clk)
Endpoint: _707_ (recovery check against rising-edge clock clk)
Path Group: asynchronous
Path Type: max

Fanout         Cap        Slew       Delay        Time   Description
---------------------------------------------------------------------------------------------
                                  0.000000    0.000000   clock clk (rise edge)
                                  5.570000    5.570000   clock network delay (propagated)
                                 12.500000   18.070000 v input external delay
     2    0.008353    0.000000    0.000000   18.070000 v wb_rst_i (in)
                                                         wb_rst_i (net)
                      0.000195    0.000098   18.070097 v input1/A (sky130_fd_sc_hd__buf_8)
     9    0.161387    0.204130    0.288940   18.359037 v input1/X (sky130_fd_sc_hd__buf_8)
                                                         net1 (net)
                      0.242273    0.067091   18.426128 v fanout105/A (sky130_fd_sc_hd__clkbuf_4)
    17    0.063174    0.231672    0.477415   18.903543 v fanout105/X (sky130_fd_sc_hd__clkbuf_4)
                                                         net105 (net)
                      0.231745    0.003887   18.907431 v fanout102/A (sky130_fd_sc_hd__buf_4)
    10    0.059191    0.151965    0.422705   19.330135 v fanout102/X (sky130_fd_sc_hd__buf_4)
                                                         net102 (net)
                      0.151966    0.000751   19.330887 v fanout101/A (sky130_fd_sc_hd__buf_6)
    16    0.097234    0.160868    0.357808   19.688696 v fanout101/X (sky130_fd_sc_hd__buf_6)
                                                         net101 (net)
                      0.160910    0.002490   19.691187 v _342_/A (sky130_fd_sc_hd__inv_2)
     1    0.004676    0.063598    0.112726   19.803911 ^ _342_/Y (sky130_fd_sc_hd__inv_2)
                                                         _009_ (net)
                      0.063598    0.000114   19.804026 ^ _707_/SET_B (sky130_fd_sc_hd__dfstp_1)
                                             19.804026   data arrival time

                                 25.000000   25.000000   clock clk (rise edge)
                                  4.650000   29.650000   clock source latency
     2    0.099623    0.610000    0.000000   29.650000 ^ wb_clk_i (in)
                                                         wb_clk_i (net)
                      0.658165    0.024082   29.674082 ^ clkbuf_0_wb_clk_i/A (sky130_fd_sc_hd__clkbuf_16)
     9    0.087272    0.164126    0.544556   30.218637 ^ clkbuf_0_wb_clk_i/X (sky130_fd_sc_hd__clkbuf_16)
                                                         clknet_0_wb_clk_i (net)
                      0.164544    0.007269   30.225906 ^ clkbuf_2_3_0_wb_clk_i/A (sky130_fd_sc_hd__clkbuf_8)
     5    0.048286    0.150182    0.333987   30.559893 ^ clkbuf_2_3_0_wb_clk_i/X (sky130_fd_sc_hd__clkbuf_8)
                                                         clknet_2_3_0_wb_clk_i (net)
                      0.150662    0.006732   30.566626 ^ clkbuf_3_6__f_wb_clk_i/A (sky130_fd_sc_hd__clkbuf_16)
    31    0.104542    0.183426    0.350635   30.917261 ^ clkbuf_3_6__f_wb_clk_i/X (sky130_fd_sc_hd__clkbuf_16)
                                                         clknet_3_6__leaf_wb_clk_i (net)
                      0.185201    0.014349   30.931610 ^ _707_/CLK (sky130_fd_sc_hd__dfstp_1)
                                 -0.250000   30.681610   clock uncertainty
                                  0.000000   30.681610   clock reconvergence pessimism
                                  0.303904   30.985512   library recovery time
                                             30.985512   data required time
---------------------------------------------------------------------------------------------
                                             30.985512   data required time
                                            -19.804026   data arrival time
---------------------------------------------------------------------------------------------
                                             11.181486   slack (MET)


Startpoint: wbs_adr_i[11] (input port clocked by clk)
Endpoint: wbs_dat_o[7] (output port clocked by clk)
Path Group: clk
Path Type: max

Fanout         Cap        Slew       Delay        Time   Description
---------------------------------------------------------------------------------------------
                                  0.000000    0.000000   clock clk (rise edge)
                                  5.570000    5.570000   clock network delay (propagated)
                                  3.890000    9.460000 v input external delay
     2    0.005659    0.920000    0.000000    9.460000 v wbs_adr_i[11] (in)
                                                         wbs_adr_i[11] (net)
                      0.920080    0.000040    9.460040 v hold113/A (sky130_fd_sc_hd__dlygate4sd3_1)
     1    0.004146    0.120252    1.528866   10.988906 v hold113/X (sky130_fd_sc_hd__dlygate4sd3_1)
                                                         net223 (net)
                      0.120252    0.000145   10.989051 v input4/A (sky130_fd_sc_hd__clkbuf_1)
     1    0.001987    0.042654    0.175829   11.164880 v input4/X (sky130_fd_sc_hd__clkbuf_1)
                                                         net4 (net)
                      0.042654    0.000057   11.164937 v hold114/A (sky130_fd_sc_hd__dlygate4sd3_1)
     2    0.003953    0.117551    1.131060   12.295997 v hold114/X (sky130_fd_sc_hd__dlygate4sd3_1)
                                                         net224 (net)
                      0.117551    0.000092   12.296089 v _379_/C (sky130_fd_sc_hd__or4_1)
     1    0.002667    0.173716    1.108608   13.404697 v _379_/X (sky130_fd_sc_hd__or4_1)
                                                         _248_ (net)
                      0.173716    0.000081   13.404778 v hold115/A (sky130_fd_sc_hd__dlygate4sd3_1)
     2    0.007047    0.147449    1.230535   14.635313 v hold115/X (sky130_fd_sc_hd__dlygate4sd3_1)
                                                         net225 (net)
                      0.147449    0.000180   14.635493 v _380_/B (sky130_fd_sc_hd__or2_4)
     7    0.061242    0.206033    0.620693   15.256186 v _380_/X (sky130_fd_sc_hd__or2_4)
                                                         _249_ (net)
                      0.206050    0.002029   15.258215 v hold116/A (sky130_fd_sc_hd__dlygate4sd3_1)
     2    0.013354    0.201560    1.316879   16.575094 v hold116/X (sky130_fd_sc_hd__dlygate4sd3_1)
                                                         net226 (net)
                      0.201560    0.000449   16.575542 v _465_/B (sky130_fd_sc_hd__or3_4)
     9    0.047949    0.224484    0.929855   17.505398 v _465_/X (sky130_fd_sc_hd__or3_4)
                                                         _262_ (net)
                      0.224489    0.001487   17.506886 v _553_/B (sky130_fd_sc_hd__and4b_4)
     5    0.079842    0.212030    0.563038   18.069923 v _553_/X (sky130_fd_sc_hd__and4b_4)
                                                         _321_ (net)
                      0.212205    0.005562   18.075485 v _554_/B (sky130_fd_sc_hd__and2_2)
    11    0.045559    0.237770    0.643547   18.719032 v _554_/X (sky130_fd_sc_hd__and2_2)
                                                         _322_ (net)
                      0.237786    0.002249   18.721281 v _560_/B1 (sky130_fd_sc_hd__a22o_1)
     1    0.006818    0.105058    0.430374   19.151655 v _560_/X (sky130_fd_sc_hd__a22o_1)
                                                         _327_ (net)
                      0.105058    0.000259   19.151915 v _562_/B1 (sky130_fd_sc_hd__a22o_4)
     3    0.091032    0.239255    0.594143   19.746058 v _562_/X (sky130_fd_sc_hd__a22o_4)
                                                         net84 (net)
                      0.242995    0.023553   19.769611 v output84/A (sky130_fd_sc_hd__buf_12)
     1    0.190951    0.173735    0.424430   20.194040 v output84/X (sky130_fd_sc_hd__buf_12)
                                                         wbs_dat_o[7] (net)
                      0.173879    0.004507   20.198547 v wbs_dat_o[7] (out)
                                             20.198547   data arrival time

                                 25.000000   25.000000   clock clk (rise edge)
                                  4.650000   29.650000   clock network delay (propagated)
                                 -0.250000   29.400000   clock uncertainty
                                  0.000000   29.400000   clock reconvergence pessimism
                                 -3.620000   25.779999   output external delay
                                             25.779999   data required time
---------------------------------------------------------------------------------------------
                                             25.779999   data required time
                                            -20.198547   data arrival time
---------------------------------------------------------------------------------------------
                                              5.581452   slack (MET)




===========================================================================
report_checks --slack_max -0.01
============================================================================
======================= nom_ss_100C_1v60 Corner ===================================

No paths found.


===========================================================================
 report_check_types -max_slew -max_cap -max_fanout -violators
============================================================================
======================= nom_ss_100C_1v60 Corner ===================================

max slew

Pin                                        Limit        Slew       Slack
------------------------------------------------------------------------
_592_/A2                                1.000000    1.216634   -0.216634 (VIOLATED)
ANTENNA__592__A2/DIODE                  1.000000    1.216633   -0.216633 (VIOLATED)
_577_/A2                                1.000000    1.216500   -0.216500 (VIOLATED)
_580_/A2                                1.000000    1.216494   -0.216494 (VIOLATED)
ANTENNA__577__A2/DIODE                  1.000000    1.216492   -0.216492 (VIOLATED)
ANTENNA__580__A2/DIODE                  1.000000    1.216483   -0.216483 (VIOLATED)
_587_/A2                                1.000000    1.216475   -0.216476 (VIOLATED)
ANTENNA__587__A2/DIODE                  1.000000    1.216369   -0.216369 (VIOLATED)
_585_/A2                                1.000000    1.216368   -0.216368 (VIOLATED)
ANTENNA__585__A2/DIODE                  1.000000    1.216366   -0.216366 (VIOLATED)
_566_/C1                                1.000000    1.212467   -0.212467 (VIOLATED)
ANTENNA__566__C1/DIODE                  1.000000    1.212464   -0.212464 (VIOLATED)
_569_/C1                                1.000000    1.212456   -0.212456 (VIOLATED)
ANTENNA__569__C1/DIODE                  1.000000    1.212435   -0.212435 (VIOLATED)
ANTENNA__572__C1/DIODE                  1.000000    1.212399   -0.212399 (VIOLATED)
_572_/C1                                1.000000    1.212222   -0.212222 (VIOLATED)
_583_/A2                                1.000000    1.210609   -0.210609 (VIOLATED)
ANTENNA__583__A2/DIODE                  1.000000    1.210595   -0.210595 (VIOLATED)
_512_/C1                                1.000000    1.205016   -0.205016 (VIOLATED)
ANTENNA__512__C1/DIODE                  1.000000    1.205016   -0.205016 (VIOLATED)
ANTENNA__521__C1/DIODE                  1.000000    1.204977   -0.204977 (VIOLATED)
_521_/C1                                1.000000    1.204977   -0.204977 (VIOLATED)
_538_/C1                                1.000000    1.204961   -0.204961 (VIOLATED)
ANTENNA__538__C1/DIODE                  1.000000    1.204957   -0.204957 (VIOLATED)
ANTENNA__563__C1/DIODE                  1.000000    1.204945   -0.204945 (VIOLATED)
_563_/C1                                1.000000    1.204945   -0.204945 (VIOLATED)
ANTENNA__543__A2/DIODE                  1.000000    1.204944   -0.204944 (VIOLATED)
_543_/A2                                1.000000    1.204942   -0.204943 (VIOLATED)
_549_/B1                                1.000000    1.204940   -0.204940 (VIOLATED)
ANTENNA__393__Y/DIODE                   1.000000    1.204922   -0.204922 (VIOLATED)
ANTENNA__549__B1/DIODE                  1.000000    1.204922   -0.204922 (VIOLATED)
_393_/Y                                 1.000000    1.204917   -0.204917 (VIOLATED)
_384_/A1                                1.000000    1.007256   -0.007256 (VIOLATED)
ANTENNA__384__A1/DIODE                  1.000000    1.007256   -0.007256 (VIOLATED)
_420_/A1                                1.000000    1.007253   -0.007253 (VIOLATED)
ANTENNA__420__A1/DIODE                  1.000000    1.007249   -0.007249 (VIOLATED)
ANTENNA__479__A1/DIODE                  1.000000    1.007244   -0.007244 (VIOLATED)
_479_/A1                                1.000000    1.007244   -0.007244 (VIOLATED)
_456_/A1                                1.000000    1.007238   -0.007238 (VIOLATED)
ANTENNA__456__A1/DIODE                  1.000000    1.007235   -0.007235 (VIOLATED)
ANTENNA_hold237_X/DIODE                 1.000000    1.007111   -0.007111 (VIOLATED)
hold237/X                               1.000000    1.007111   -0.007111 (VIOLATED)

max fanout

Pin                                   Limit Fanout  Slack
---------------------------------------------------------
clkbuf_3_7__f_wb_clk_i/X                 16     39    -23 (VIOLATED)
clkbuf_3_0__f_wb_clk_i/X                 16     37    -21 (VIOLATED)
fanout103/X                              16     33    -17 (VIOLATED)
fanout87/X                               16     33    -17 (VIOLATED)
fanout90/X                               16     33    -17 (VIOLATED)
fanout93/X                               16     33    -17 (VIOLATED)
fanout94/X                               16     33    -17 (VIOLATED)
fanout95/X                               16     33    -17 (VIOLATED)
fanout99/X                               16     33    -17 (VIOLATED)
_393_/Y                                  16     31    -15 (VIOLATED)
clkbuf_3_3__f_wb_clk_i/X                 16     31    -15 (VIOLATED)
clkbuf_3_6__f_wb_clk_i/X                 16     31    -15 (VIOLATED)
fanout100/X                              16     31    -15 (VIOLATED)
_574_/X                                  16     29    -13 (VIOLATED)
_382_/X                                  16     27    -11 (VIOLATED)
clkbuf_3_5__f_wb_clk_i/X                 16     27    -11 (VIOLATED)
clkbuf_3_1__f_wb_clk_i/X                 16     25     -9 (VIOLATED)
clkbuf_3_2__f_wb_clk_i/X                 16     25     -9 (VIOLATED)
hold106/X                                16     25     -9 (VIOLATED)
clkbuf_3_4__f_wb_clk_i/X                 16     23     -7 (VIOLATED)
fanout98/X                               16     23     -7 (VIOLATED)
fanout89/X                               16     21     -5 (VIOLATED)
fanout92/X                               16     21     -5 (VIOLATED)
fanout96/X                               16     21     -5 (VIOLATED)
_381_/Y                                  16     17        (VIOLATED)
_383_/Y                                  16     17        (VIOLATED)
_473_/X                                  16     17        (VIOLATED)
fanout105/X                              16     17        (VIOLATED)
fanout88/X                               16     17        (VIOLATED)
fanout91/X                               16     17        (VIOLATED)
hold193/X                                16     17        (VIOLATED)
hold203/X                                16     17        (VIOLATED)



===========================================================================
report_parasitic_annotation -report_unannotated
============================================================================
Found 32 unannotated drivers.
 io_in
 la_data_in
 la_oenb
 wbs_adr_i[16]
 wbs_adr_i[17]
 wbs_adr_i[18]
 wbs_adr_i[19]
 wbs_adr_i[20]
 wbs_adr_i[21]
 wbs_adr_i[22]
 wbs_adr_i[23]
 wbs_adr_i[24]
 wbs_adr_i[25]
 wbs_adr_i[26]
 wbs_adr_i[27]
 wbs_adr_i[28]
 wbs_adr_i[29]
 wbs_adr_i[30]
 wbs_adr_i[31]
 wbs_sel_i[0]
 wbs_sel_i[1]
 wbs_sel_i[2]
 wbs_sel_i[3]
 clkload0/Y
 clkload1/Y
 clkload2/Y
 clkload3/Y
 i2s_example_106/HI
 i2s_example_107/HI
 i2s_example_108/HI
 i2s_example_109/LO
 i2s_example_110/LO
Found 0 partially unannotated drivers.

===========================================================================
max slew violation count 42
max fanout violation count 32
max cap violation count 0
============================================================================

===========================================================================
check_setup -verbose -unconstrained_endpoints -multiple_clock -no_clock -no_input_delay -loops -generated_clocks
===========================================================================
Warning: There are 3 input ports missing set_input_delay.
  io_in
  la_data_in
  la_oenb
Warning: There are 6 unconstrained endpoints.
  io_oeb[0]
  io_oeb[1]
  io_oeb[2]
  io_out[0]
  io_out[1]
  la_data_out
