Clock: clk
Sources: wb_clk_i 
Generated: no
Virtual: yes
Propagated: no
Period: 25.000000

===========================================================================
report_clock_properties
============================================================================
Clock                   Period          Waveform
----------------------------------------------------
clk                  25.000000    0.000000 12.500000

===========================================================================
report_clock_latency
============================================================================
Clock clk
rise -> rise
    min     max
4.650000 5.570000 source latency
5.898341         network latency _734_/CLK
        6.876190 network latency _741_/CLK
---------------
10.548341 12.446190 latency
        1.897849 skew

fall -> fall
    min     max
4.650000 5.570000 source latency
5.934593         network latency _734_/CLK
        6.900640 network latency _741_/CLK
---------------
10.584593 12.470640 latency
        1.886047 skew



===========================================================================
report_clock_min_period
============================================================================
clk period_min = 4.36 fmax = 229.19
