
===========================================================================
 report_power
============================================================================
======================= nom_tt_025C_1v80 Corner ===================================

Group                    Internal    Switching      Leakage        Total
                            Power        Power        Power        Power (Watts)
------------------------------------------------------------------------
Sequential           1.796157e-04 9.170842e-08 1.538821e-09 1.797090e-04  39.4%
Combinational        1.612278e-05 2.397035e-05 3.821076e-09 4.009696e-05   8.8%
Clock                9.254350e-05 1.436487e-04 4.746790e-08 2.362397e-04  51.8%
Macro                0.000000e+00 0.000000e+00 0.000000e+00 0.000000e+00   0.0%
Pad                  0.000000e+00 0.000000e+00 0.000000e+00 0.000000e+00   0.0%
------------------------------------------------------------------------
Total                2.882817e-04 1.677107e-04 5.282803e-08 4.560452e-04 100.0%
                            63.2%        36.8%         0.0%

