
===========================================================================
 report_power
============================================================================
======================= max_tt_025C_1v80 Corner ===================================

Group                    Internal    Switching      Leakage        Total
                            Power        Power        Power        Power (Watts)
------------------------------------------------------------------------
Sequential           1.796559e-04 9.328397e-08 1.538821e-09 1.797508e-04  38.6%
Combinational        1.619287e-05 2.712727e-05 3.821076e-09 4.332395e-05   9.3%
Clock                9.266155e-05 1.499242e-04 4.746790e-08 2.426333e-04  52.1%
Macro                0.000000e+00 0.000000e+00 0.000000e+00 0.000000e+00   0.0%
Pad                  0.000000e+00 0.000000e+00 0.000000e+00 0.000000e+00   0.0%
------------------------------------------------------------------------
Total                2.885098e-04 1.771448e-04 5.282803e-08 4.657074e-04 100.0%
                            62.0%        38.0%         0.0%

