┏━━━━━━━━━━━━━━━━━━━━━━┳━━━━━━━━━━┳━━━━━━━━━━┳━━━━━━━━━━┳━━━━━━━━━━┳━━━━━━━━━━━┳━━━━━━━━━━┳━━━━━━━━━━━┳━━━━━━━━━━┳━━━━━━━━━━━┳━━━━━━━━━━┳━━━━━━━━━━━┳━━━━━━━━━━┓
┃                      ┃ Hold     ┃ Reg to   ┃          ┃          ┃ of which  ┃ Setup    ┃           ┃          ┃           ┃ of which ┃           ┃          ┃
┃                      ┃ Worst    ┃ Reg      ┃          ┃ Hold Vio ┃ reg to    ┃ Worst    ┃ Reg to    ┃ Setup    ┃ Setup Vio ┃ reg to   ┃ Max Cap   ┃ Max Slew ┃
┃ Corner/Group         ┃ Slack    ┃ Paths    ┃ Hold TNS ┃ Count    ┃ reg       ┃ Slack    ┃ Reg Paths ┃ TNS      ┃ Count     ┃ reg      ┃ Violatio… ┃ Violati… ┃
┡━━━━━━━━━━━━━━━━━━━━━━╇━━━━━━━━━━╇━━━━━━━━━━╇━━━━━━━━━━╇━━━━━━━━━━╇━━━━━━━━━━━╇━━━━━━━━━━╇━━━━━━━━━━━╇━━━━━━━━━━╇━━━━━━━━━━━╇━━━━━━━━━━╇━━━━━━━━━━━╇━━━━━━━━━━┩
│ Overall              │ -0.0020  │ 0.4297   │ -0.0020  │ 1        │ 0         │ 5.1150   │ 20.9798   │ 0.0000   │ 0         │ 0        │ 0         │ 1        │
│ nom_tt_025C_1v80     │ 0.5297   │ 0.7743   │ 0.0000   │ 0        │ 0         │ 10.5431  │ 22.9596   │ 0.0000   │ 0         │ 0        │ 0         │ 0        │
│ nom_ss_100C_1v60     │ 0.6879   │ 1.7786   │ 0.0000   │ 0        │ 0         │ 5.2800   │ 20.9981   │ 0.0000   │ 0         │ 0        │ 0         │ 0        │
│ nom_ff_n40C_1v95     │ 0.0589   │ 0.4324   │ 0.0000   │ 0        │ 0         │ 11.2255  │ 23.5830   │ 0.0000   │ 0         │ 0        │ 0         │ 0        │
│ min_tt_025C_1v80     │ 0.5104   │ 0.7703   │ 0.0000   │ 0        │ 0         │ 10.7367  │ 22.9684   │ 0.0000   │ 0         │ 0        │ 0         │ 0        │
│ min_ss_100C_1v60     │ 0.6609   │ 1.7728   │ 0.0000   │ 0        │ 0         │ 5.4689   │ 21.0094   │ 0.0000   │ 0         │ 0        │ 0         │ 0        │
│ min_ff_n40C_1v95     │ -0.0020  │ 0.4297   │ -0.0020  │ 1        │ 0         │ 11.2337  │ 23.5893   │ 0.0000   │ 0         │ 0        │ 0         │ 0        │
│ max_tt_025C_1v80     │ 0.5538   │ 0.7783   │ 0.0000   │ 0        │ 0         │ 10.3409  │ 22.9492   │ 0.0000   │ 0         │ 0        │ 0         │ 0        │
│ max_ss_100C_1v60     │ 0.7245   │ 1.7856   │ 0.0000   │ 0        │ 0         │ 5.1150   │ 20.9798   │ 0.0000   │ 0         │ 0        │ 0         │ 1        │
│ max_ff_n40C_1v95     │ 0.1195   │ 0.4353   │ 0.0000   │ 0        │ 0         │ 11.2063  │ 23.5755   │ 0.0000   │ 0         │ 0        │ 0         │ 0        │
└──────────────────────┴──────────┴──────────┴──────────┴──────────┴───────────┴──────────┴───────────┴──────────┴───────────┴──────────┴───────────┴──────────┘
