
===========================================================================
 report_power
============================================================================
======================= min_tt_025C_1v80 Corner ===================================

Group                    Internal    Switching      Leakage        Total
                            Power        Power        Power        Power (Watts)
------------------------------------------------------------------------
Sequential           1.795832e-04 9.049749e-08 1.538821e-09 1.796752e-04  40.0%
Combinational        1.613979e-05 2.485291e-05 3.821076e-09 4.099652e-05   9.1%
Clock                9.241555e-05 1.356300e-04 4.746790e-08 2.280930e-04  50.8%
Macro                0.000000e+00 0.000000e+00 0.000000e+00 0.000000e+00   0.0%
Pad                  0.000000e+00 0.000000e+00 0.000000e+00 0.000000e+00   0.0%
------------------------------------------------------------------------
Total                2.881382e-04 1.605733e-04 5.282803e-08 4.487643e-04 100.0%
                            64.2%        35.8%         0.0%

