
===========================================================================
report_checks -unconstrained
===========================================================================
======================= nom_ff_n40C_1v95 Corner ===================================

Startpoint: wb_rst_i (input port clocked by clk)
Endpoint: _707_ (recovery check against rising-edge clock clk)
Path Group: asynchronous
Path Type: max

Fanout         Cap        Slew       Delay        Time   Description
---------------------------------------------------------------------------------------------
                                  0.000000    0.000000   clock clk (rise edge)
                                  5.570000    5.570000   clock network delay (propagated)
                                 12.500000   18.070000 v input external delay
     2    0.008324    0.000000    0.000000   18.070000 v wb_rst_i (in)
                                                         wb_rst_i (net)
                      0.000198    0.000099   18.070099 v input1/A (sky130_fd_sc_hd__buf_8)
     9    0.160646    0.075322    0.098405   18.168503 v input1/X (sky130_fd_sc_hd__buf_8)
                                                         net1 (net)
                      0.149149    0.063979   18.232483 v fanout105/A (sky130_fd_sc_hd__clkbuf_4)
    17    0.061423    0.088958    0.198520   18.431004 v fanout105/X (sky130_fd_sc_hd__clkbuf_4)
                                                         net105 (net)
                      0.089242    0.003768   18.434771 v fanout102/A (sky130_fd_sc_hd__buf_4)
    10    0.059038    0.063531    0.152760   18.587530 v fanout102/X (sky130_fd_sc_hd__buf_4)
                                                         net102 (net)
                      0.063539    0.000748   18.588278 v fanout101/A (sky130_fd_sc_hd__buf_6)
    16    0.096994    0.064957    0.134019   18.722298 v fanout101/X (sky130_fd_sc_hd__buf_6)
                                                         net101 (net)
                      0.065144    0.002478   18.724775 v _342_/A (sky130_fd_sc_hd__inv_2)
     1    0.005111    0.029359    0.046015   18.770790 ^ _342_/Y (sky130_fd_sc_hd__inv_2)
                                                         _009_ (net)
                      0.029360    0.000124   18.770914 ^ _707_/SET_B (sky130_fd_sc_hd__dfstp_1)
                                             18.770914   data arrival time

                                 25.000000   25.000000   clock clk (rise edge)
                                  4.650000   29.650000   clock source latency
     2    0.099490    0.610000    0.000000   29.650000 ^ wb_clk_i (in)
                                                         wb_clk_i (net)
                      0.658056    0.024029   29.674028 ^ clkbuf_0_wb_clk_i/A (sky130_fd_sc_hd__clkbuf_16)
     9    0.086418    0.089494    0.180819   29.854847 ^ clkbuf_0_wb_clk_i/X (sky130_fd_sc_hd__clkbuf_16)
                                                         clknet_0_wb_clk_i (net)
                      0.090430    0.007155   29.862001 ^ clkbuf_2_3_0_wb_clk_i/A (sky130_fd_sc_hd__clkbuf_8)
     5    0.047818    0.071154    0.127443   29.989445 ^ clkbuf_2_3_0_wb_clk_i/X (sky130_fd_sc_hd__clkbuf_8)
                                                         clknet_2_3_0_wb_clk_i (net)
                      0.072149    0.006626   29.996071 ^ clkbuf_3_6__f_wb_clk_i/A (sky130_fd_sc_hd__clkbuf_16)
    31    0.104420    0.093211    0.136744   30.132814 ^ clkbuf_3_6__f_wb_clk_i/X (sky130_fd_sc_hd__clkbuf_16)
                                                         clknet_3_6__leaf_wb_clk_i (net)
                      0.096729    0.014090   30.146904 ^ _707_/CLK (sky130_fd_sc_hd__dfstp_1)
                                 -0.250000   29.896904   clock uncertainty
                                  0.000000   29.896904   clock reconvergence pessimism
                                  0.094131   29.991035   library recovery time
                                             29.991035   data required time
---------------------------------------------------------------------------------------------
                                             29.991035   data required time
                                            -18.770914   data arrival time
---------------------------------------------------------------------------------------------
                                             11.220122   slack (MET)


Startpoint: wbs_adr_i[11] (input port clocked by clk)
Endpoint: wbs_dat_o[7] (output port clocked by clk)
Path Group: clk
Path Type: max

Fanout         Cap        Slew       Delay        Time   Description
---------------------------------------------------------------------------------------------
                                  0.000000    0.000000   clock clk (rise edge)
                                  5.570000    5.570000   clock network delay (propagated)
                                  3.890000    9.460000 v input external delay
     2    0.005636    0.920000    0.000000    9.460000 v wbs_adr_i[11] (in)
                                                         wbs_adr_i[11] (net)
                      0.920084    0.000042    9.460042 v hold113/A (sky130_fd_sc_hd__dlygate4sd3_1)
     1    0.004220    0.043752    0.614499   10.074540 v hold113/X (sky130_fd_sc_hd__dlygate4sd3_1)
                                                         net223 (net)
                      0.043752    0.000147   10.074688 v input4/A (sky130_fd_sc_hd__clkbuf_1)
     1    0.002147    0.016270    0.059235   10.133924 v input4/X (sky130_fd_sc_hd__clkbuf_1)
                                                         net4 (net)
                      0.016270    0.000061   10.133985 v hold114/A (sky130_fd_sc_hd__dlygate4sd3_1)
     2    0.004183    0.043667    0.362438   10.496423 v hold114/X (sky130_fd_sc_hd__dlygate4sd3_1)
                                                         net224 (net)
                      0.043667    0.000099   10.496521 v _379_/C (sky130_fd_sc_hd__or4_1)
     1    0.002827    0.053005    0.261095   10.757616 v _379_/X (sky130_fd_sc_hd__or4_1)
                                                         _248_ (net)
                      0.053005    0.000086   10.757703 v hold115/A (sky130_fd_sc_hd__dlygate4sd3_1)
     2    0.006966    0.052289    0.387887   11.145590 v hold115/X (sky130_fd_sc_hd__dlygate4sd3_1)
                                                         net225 (net)
                      0.052289    0.000178   11.145767 v _380_/B (sky130_fd_sc_hd__or2_4)
     7    0.060921    0.081906    0.206614   11.352382 v _380_/X (sky130_fd_sc_hd__or2_4)
                                                         _249_ (net)
                      0.081959    0.002018   11.354400 v hold116/A (sky130_fd_sc_hd__dlygate4sd3_1)
     2    0.013275    0.071349    0.423082   11.777481 v hold116/X (sky130_fd_sc_hd__dlygate4sd3_1)
                                                         net226 (net)
                      0.071349    0.000447   11.777928 v _465_/B (sky130_fd_sc_hd__or3_4)
     9    0.048298    0.090654    0.290699   12.068627 v _465_/X (sky130_fd_sc_hd__or3_4)
                                                         _262_ (net)
                      0.090680    0.001494   12.070121 v _553_/B (sky130_fd_sc_hd__and4b_4)
     5    0.079418    0.090131    0.207897   12.278018 v _553_/X (sky130_fd_sc_hd__and4b_4)
                                                         _321_ (net)
                      0.090665    0.005516   12.283535 v _554_/B (sky130_fd_sc_hd__and2_2)
    11    0.044508    0.086026    0.205275   12.488810 v _554_/X (sky130_fd_sc_hd__and2_2)
                                                         _322_ (net)
                      0.086110    0.002200   12.491010 v _560_/B1 (sky130_fd_sc_hd__a22o_1)
     1    0.006786    0.040158    0.116459   12.607469 v _560_/X (sky130_fd_sc_hd__a22o_1)
                                                         _327_ (net)
                      0.040159    0.000258   12.607726 v _562_/B1 (sky130_fd_sc_hd__a22o_4)
     3    0.090864    0.097967    0.169618   12.777344 v _562_/X (sky130_fd_sc_hd__a22o_4)
                                                         net84 (net)
                      0.106838    0.022708   12.800052 v output84/A (sky130_fd_sc_hd__buf_12)
     1    0.190951    0.077329    0.163155   12.963207 v output84/X (sky130_fd_sc_hd__buf_12)
                                                         wbs_dat_o[7] (net)
                      0.077739    0.004484   12.967690 v wbs_dat_o[7] (out)
                                             12.967690   data arrival time

                                 25.000000   25.000000   clock clk (rise edge)
                                  4.650000   29.650000   clock network delay (propagated)
                                 -0.250000   29.400000   clock uncertainty
                                  0.000000   29.400000   clock reconvergence pessimism
                                 -3.620000   25.779999   output external delay
                                             25.779999   data required time
---------------------------------------------------------------------------------------------
                                             25.779999   data required time
                                            -12.967690   data arrival time
---------------------------------------------------------------------------------------------
                                             12.812309   slack (MET)




===========================================================================
report_checks --slack_max -0.01
============================================================================
======================= nom_ff_n40C_1v95 Corner ===================================

No paths found.


===========================================================================
 report_check_types -max_slew -max_cap -max_fanout -violators
============================================================================
======================= nom_ff_n40C_1v95 Corner ===================================

max fanout

Pin                                   Limit Fanout  Slack
---------------------------------------------------------
clkbuf_3_7__f_wb_clk_i/X                 16     39    -23 (VIOLATED)
clkbuf_3_0__f_wb_clk_i/X                 16     37    -21 (VIOLATED)
fanout103/X                              16     33    -17 (VIOLATED)
fanout87/X                               16     33    -17 (VIOLATED)
fanout90/X                               16     33    -17 (VIOLATED)
fanout93/X                               16     33    -17 (VIOLATED)
fanout94/X                               16     33    -17 (VIOLATED)
fanout95/X                               16     33    -17 (VIOLATED)
fanout99/X                               16     33    -17 (VIOLATED)
_393_/Y                                  16     31    -15 (VIOLATED)
clkbuf_3_3__f_wb_clk_i/X                 16     31    -15 (VIOLATED)
clkbuf_3_6__f_wb_clk_i/X                 16     31    -15 (VIOLATED)
fanout100/X                              16     31    -15 (VIOLATED)
_574_/X                                  16     29    -13 (VIOLATED)
_382_/X                                  16     27    -11 (VIOLATED)
clkbuf_3_5__f_wb_clk_i/X                 16     27    -11 (VIOLATED)
clkbuf_3_1__f_wb_clk_i/X                 16     25     -9 (VIOLATED)
clkbuf_3_2__f_wb_clk_i/X                 16     25     -9 (VIOLATED)
hold106/X                                16     25     -9 (VIOLATED)
clkbuf_3_4__f_wb_clk_i/X                 16     23     -7 (VIOLATED)
fanout98/X                               16     23     -7 (VIOLATED)
fanout89/X                               16     21     -5 (VIOLATED)
fanout92/X                               16     21     -5 (VIOLATED)
fanout96/X                               16     21     -5 (VIOLATED)
_381_/Y                                  16     17        (VIOLATED)
_383_/Y                                  16     17        (VIOLATED)
_473_/X                                  16     17        (VIOLATED)
fanout105/X                              16     17        (VIOLATED)
fanout88/X                               16     17        (VIOLATED)
fanout91/X                               16     17        (VIOLATED)
hold193/X                                16     17        (VIOLATED)
hold203/X                                16     17        (VIOLATED)



===========================================================================
report_parasitic_annotation -report_unannotated
============================================================================
Found 32 unannotated drivers.
 io_in
 la_data_in
 la_oenb
 wbs_adr_i[16]
 wbs_adr_i[17]
 wbs_adr_i[18]
 wbs_adr_i[19]
 wbs_adr_i[20]
 wbs_adr_i[21]
 wbs_adr_i[22]
 wbs_adr_i[23]
 wbs_adr_i[24]
 wbs_adr_i[25]
 wbs_adr_i[26]
 wbs_adr_i[27]
 wbs_adr_i[28]
 wbs_adr_i[29]
 wbs_adr_i[30]
 wbs_adr_i[31]
 wbs_sel_i[0]
 wbs_sel_i[1]
 wbs_sel_i[2]
 wbs_sel_i[3]
 clkload0/Y
 clkload1/Y
 clkload2/Y
 clkload3/Y
 i2s_example_106/HI
 i2s_example_107/HI
 i2s_example_108/HI
 i2s_example_109/LO
 i2s_example_110/LO
Found 0 partially unannotated drivers.

===========================================================================
max slew violation count 0
max fanout violation count 32
max cap violation count 0
============================================================================

===========================================================================
check_setup -verbose -unconstrained_endpoints -multiple_clock -no_clock -no_input_delay -loops -generated_clocks
===========================================================================
Warning: There are 3 input ports missing set_input_delay.
  io_in
  la_data_in
  la_oenb
Warning: There are 6 unconstrained endpoints.
  io_oeb[0]
  io_oeb[1]
  io_oeb[2]
  io_out[0]
  io_out[1]
  la_data_out
