
===========================================================================
 report_power
============================================================================
======================= nom_ff_n40C_1v95 Corner ===================================

Group                    Internal    Switching      Leakage        Total
                            Power        Power        Power        Power (Watts)
------------------------------------------------------------------------
Sequential           2.091151e-04 1.087818e-07 1.857103e-09 2.092257e-04  39.4%
Combinational        1.979476e-05 2.821949e-05 1.184337e-08 4.802609e-05   9.0%
Clock                1.058052e-04 1.680821e-04 5.633050e-08 2.739437e-04  51.6%
Macro                0.000000e+00 0.000000e+00 0.000000e+00 0.000000e+00   0.0%
Pad                  0.000000e+00 0.000000e+00 0.000000e+00 0.000000e+00   0.0%
------------------------------------------------------------------------
Total                3.347144e-04 1.964103e-04 7.003084e-08 5.311947e-04 100.0%
                            63.0%        37.0%         0.0%

