
===========================================================================
 report_power
============================================================================
======================= nom_ff_n40C_1v95 Corner ===================================

Group                    Internal    Switching      Leakage        Total
                            Power        Power        Power        Power (Watts)
------------------------------------------------------------------------
Sequential           2.091151e-04 1.087818e-07 1.857103e-09 2.092257e-04  39.2%
Combinational        2.003773e-05 3.077322e-05 1.184337e-08 5.082279e-05   9.5%
Clock                1.059434e-04 1.680821e-04 5.633050e-08 2.740819e-04  51.3%
Macro                0.000000e+00 0.000000e+00 0.000000e+00 0.000000e+00   0.0%
Pad                  0.000000e+00 0.000000e+00 0.000000e+00 0.000000e+00   0.0%
------------------------------------------------------------------------
Total                3.350955e-04 1.989641e-04 7.003084e-08 5.341296e-04 100.0%
                            62.7%        37.3%         0.0%

