
===========================================================================
 report_power
============================================================================
======================= min_tt_025C_1v80 Corner ===================================

Group                    Internal    Switching      Leakage        Total
                            Power        Power        Power        Power (Watts)
------------------------------------------------------------------------
Sequential           1.795832e-04 9.049749e-08 1.538821e-09 1.796752e-04  40.2%
Combinational        1.610750e-05 2.286970e-05 3.821076e-09 3.898103e-05   8.7%
Clock                9.239699e-05 1.356300e-04 4.746790e-08 2.280744e-04  51.1%
Macro                0.000000e+00 0.000000e+00 0.000000e+00 0.000000e+00   0.0%
Pad                  0.000000e+00 0.000000e+00 0.000000e+00 0.000000e+00   0.0%
------------------------------------------------------------------------
Total                2.880874e-04 1.585901e-04 5.282803e-08 4.467304e-04 100.0%
                            64.5%        35.5%         0.0%

