
===========================================================================
 report_power
============================================================================
======================= min_ss_100C_1v60 Corner ===================================

Group                    Internal    Switching      Leakage        Total
                            Power        Power        Power        Power (Watts)
------------------------------------------------------------------------
Sequential           1.372406e-04 6.975053e-08 2.029877e-06 1.393402e-04  39.0%
Combinational        1.268753e-05 1.782225e-05 4.507929e-06 3.501770e-05   9.8%
Clock                7.494551e-05 1.074684e-04 2.995393e-07 1.827134e-04  51.2%
Macro                0.000000e+00 0.000000e+00 0.000000e+00 0.000000e+00   0.0%
Pad                  0.000000e+00 0.000000e+00 0.000000e+00 0.000000e+00   0.0%
------------------------------------------------------------------------
Total                2.248732e-04 1.253602e-04 6.837336e-06 3.570707e-04 100.0%
                            63.0%        35.1%         1.9%

